// Jest Snapshot v1, https://goo.gl/fbAQLP

exports[`Main_Snapshot 1`] = `
Array [
  <h1
    className="pageHeading expanded"
  >
    Test Title
  </h1>,
  <div
    className="main expanded showTitle"
  >
    <div
      className="content"
    >
      <p>
        Test paragraph.
      </p>
      <button>
        Test Button
      </button>
    </div>
  </div>,
]
`;
